// Vitest Snapshot v1, https://vitest.dev/guide/snapshot.html

exports[`AppFooter > matches snapshot 1`] = `
"<footer class="flex items-center justify-center gap-4">
  <p> Â©2024 Spelling Scramble </p>
</footer>"
`;

exports[`AppHeader > matches snapshot 1`] = `
"<header class="flex flex-col items-center justify-center gap-4">
  <h1>Spelling Scramble</h1>
  <nav>
    <routerlink to="/">Home</routerlink>
  </nav>
</header>"
`;
